[2023-05-07 16:38:59,284][wandb.sdk.lib.git][ERROR] - git root error: Cmd('git') failed due to: exit code(128)
  cmdline: git rev-parse --show-toplevel
  stderr: 'fatal: detected dubious ownership in repository at '/wind'
To add an exception for this directory, call:

	git config --global --add safe.directory /wind'
[2023-05-07 16:39:42,433][root][INFO] - Numpy block preparation took 25.474806978000004 seconds
[2023-05-07 16:40:28,647][root][INFO] - Train size: 12489788, test size: 9228336
[2023-05-07 16:40:28,647][root][INFO] - Station count: 6858
[2023-05-07 16:40:28,647][root][INFO] - Station count: 6858
[2023-05-07 16:40:28,648][root][INFO] - Train rectangle: (array(-34.20542), array(66.72833), array(13.5), array(166.5))
[2023-05-07 16:40:28,649][root][INFO] - Test rectangle: (array(-34.20542), array(66.72833), array(13.5), array(166.5))
[2023-05-07 16:40:28,649][root][INFO] - Target min: 0.0, target max: 69.4494
[2023-05-07 16:40:28,649][root][INFO] - Target mean: 13.746223363917462, target std: 5.861880808385073
[2023-05-07 16:40:28,767][root][INFO] - Time to start train 97.03221159 seconds
[2023-05-08 12:25:48,311][root][INFO] - Numpy block preparation took 18.661445448000002 seconds
[2023-05-08 12:26:33,042][root][INFO] - Train size: 12489788, test size: 9228336
[2023-05-08 12:26:33,043][root][INFO] - Station count: 6858
[2023-05-08 12:26:33,043][root][INFO] - Station count: 6858
[2023-05-08 12:26:33,044][root][INFO] - Train rectangle: (array(-34.20542), array(66.72833), array(13.5), array(166.5))
[2023-05-08 12:26:33,044][root][INFO] - Test rectangle: (array(-34.20542), array(66.72833), array(13.5), array(166.5))
[2023-05-08 12:26:33,045][root][INFO] - Target min: 0.0, target max: 69.4494
[2023-05-08 12:26:33,045][root][INFO] - Target mean: 13.746223363917462, target std: 5.861880808385073
[2023-05-08 12:26:33,283][root][INFO] - Time to start train 88.81472943700001 seconds
[2023-05-08 12:26:33,325][torch.distributed.distributed_c10d][INFO] - Added key: store_based_barrier_key:1 to store for rank: 1
[2023-05-08 12:26:33,326][torch.distributed.distributed_c10d][INFO] - Rank 1: Completed store-based barrier for key:store_based_barrier_key:1 with 2 nodes.
[2023-05-08 12:27:16,184][torch.nn.parallel.distributed][INFO] - Reducer buckets have been rebuilt in this iteration.
[2023-05-08 13:27:05,998][root][INFO] - Numpy block preparation took 15.459623203 seconds
[2023-05-08 13:27:36,100][root][INFO] - Train size: 8729439, test size: 6023666
[2023-05-08 13:27:36,101][root][INFO] - Station count: 4818
[2023-05-08 13:27:36,101][root][INFO] - Station count: 4818
[2023-05-08 13:27:36,101][root][INFO] - Train rectangle: (array(-25.23351), array(57.75657), array(22.5), array(157.5))
[2023-05-08 13:27:36,102][root][INFO] - Test rectangle: (array(-25.23351), array(57.75657), array(22.5), array(157.5))
[2023-05-08 13:27:36,102][root][INFO] - Target min: 0.0, target max: 68.93496
[2023-05-08 13:27:36,102][root][INFO] - Target mean: 15.066310086852543, target std: 6.177402823892324
[2023-05-08 13:27:36,226][root][INFO] - Time to start train 71.11362522499999 seconds
[2023-05-08 13:27:36,268][torch.distributed.distributed_c10d][INFO] - Added key: store_based_barrier_key:1 to store for rank: 1
[2023-05-08 13:27:36,279][torch.distributed.distributed_c10d][INFO] - Rank 1: Completed store-based barrier for key:store_based_barrier_key:1 with 2 nodes.
[2023-05-08 13:28:23,470][torch.nn.parallel.distributed][INFO] - Reducer buckets have been rebuilt in this iteration.
[2023-05-08 13:32:32,845][root][INFO] - Numpy block preparation took 15.054028951 seconds
[2023-05-08 13:33:05,474][root][INFO] - Train size: 8729439, test size: 6023666
[2023-05-08 13:33:05,474][root][INFO] - Station count: 4818
[2023-05-08 13:33:05,474][root][INFO] - Station count: 4818
[2023-05-08 13:33:05,475][root][INFO] - Train rectangle: (array(-25.23351), array(57.75657), array(22.5), array(157.5))
[2023-05-08 13:33:05,475][root][INFO] - Test rectangle: (array(-25.23351), array(57.75657), array(22.5), array(157.5))
[2023-05-08 13:33:05,475][root][INFO] - Target min: 0.0, target max: 68.93496
[2023-05-08 13:33:05,476][root][INFO] - Target mean: 15.066310086852543, target std: 6.177402823892324
[2023-05-08 13:33:05,558][root][INFO] - Time to start train 73.293516947 seconds
[2023-05-08 13:33:05,596][torch.distributed.distributed_c10d][INFO] - Added key: store_based_barrier_key:1 to store for rank: 1
[2023-05-08 13:33:05,607][torch.distributed.distributed_c10d][INFO] - Rank 1: Completed store-based barrier for key:store_based_barrier_key:1 with 2 nodes.
[2023-05-08 13:33:42,105][torch.nn.parallel.distributed][INFO] - Reducer buckets have been rebuilt in this iteration.
[2023-05-08 13:50:03,202][root][INFO] - Numpy block preparation took 35.064296623 seconds
[2023-05-08 13:50:41,729][root][INFO] - Train size: 8729439, test size: 6023666
[2023-05-08 13:50:41,743][root][INFO] - Station count: 4818
[2023-05-08 13:50:41,744][root][INFO] - Station count: 4818
[2023-05-08 13:50:41,745][root][INFO] - Train rectangle: (array(-25.23351), array(57.75657), array(22.5), array(157.5))
[2023-05-08 13:50:41,746][root][INFO] - Test rectangle: (array(-25.23351), array(57.75657), array(22.5), array(157.5))
[2023-05-08 13:50:41,747][root][INFO] - Target min: 0.0, target max: 68.93496
[2023-05-08 13:50:41,747][root][INFO] - Target mean: 15.066310086852543, target std: 6.177402823892324
[2023-05-08 13:50:41,881][root][INFO] - Time to start train 109.46082870800001 seconds
[2023-05-08 13:50:41,891][torch.distributed.distributed_c10d][INFO] - Added key: store_based_barrier_key:1 to store for rank: 1
[2023-05-08 13:50:41,902][torch.distributed.distributed_c10d][INFO] - Rank 1: Completed store-based barrier for key:store_based_barrier_key:1 with 2 nodes.
[2023-05-08 13:56:05,135][root][INFO] - Numpy block preparation took 14.573350372999997 seconds
[2023-05-08 13:56:31,376][root][INFO] - Train size: 8729439, test size: 6023666
[2023-05-08 13:56:31,376][root][INFO] - Station count: 4818
[2023-05-08 13:56:31,377][root][INFO] - Station count: 4818
[2023-05-08 13:56:31,378][root][INFO] - Train rectangle: (array(-25.23351), array(57.75657), array(22.5), array(157.5))
[2023-05-08 13:56:31,379][root][INFO] - Test rectangle: (array(-25.23351), array(57.75657), array(22.5), array(157.5))
[2023-05-08 13:56:31,379][root][INFO] - Target min: 0.0, target max: 68.93496
[2023-05-08 13:56:31,379][root][INFO] - Target mean: 15.066310086852543, target std: 6.177402823892324
[2023-05-08 13:56:31,516][root][INFO] - Time to start train 66.048849085 seconds
[2023-05-08 13:56:31,525][torch.distributed.distributed_c10d][INFO] - Added key: store_based_barrier_key:1 to store for rank: 1
[2023-05-08 13:56:31,536][torch.distributed.distributed_c10d][INFO] - Rank 1: Completed store-based barrier for key:store_based_barrier_key:1 with 2 nodes.
[2023-05-08 14:00:26,044][root][INFO] - Numpy block preparation took 15.072791009 seconds
[2023-05-08 14:00:52,498][root][INFO] - Train size: 8729439, test size: 6023666
[2023-05-08 14:00:52,499][root][INFO] - Station count: 4818
[2023-05-08 14:00:52,499][root][INFO] - Station count: 4818
[2023-05-08 14:00:52,500][root][INFO] - Train rectangle: (array(-25.23351), array(57.75657), array(22.5), array(157.5))
[2023-05-08 14:00:52,501][root][INFO] - Test rectangle: (array(-25.23351), array(57.75657), array(22.5), array(157.5))
[2023-05-08 14:00:52,501][root][INFO] - Target min: 0.0, target max: 68.93496
[2023-05-08 14:00:52,501][root][INFO] - Target mean: 15.066310086852543, target std: 6.177402823892324
[2023-05-08 14:00:52,627][root][INFO] - Time to start train 66.69222284499999 seconds
[2023-05-08 14:00:52,637][torch.distributed.distributed_c10d][INFO] - Added key: store_based_barrier_key:1 to store for rank: 1
[2023-05-08 14:00:52,658][torch.distributed.distributed_c10d][INFO] - Rank 1: Completed store-based barrier for key:store_based_barrier_key:1 with 2 nodes.
[2023-05-08 14:07:07,047][root][INFO] - Numpy block preparation took 14.694172207999998 seconds
[2023-05-08 14:07:32,980][root][INFO] - Train size: 8729439, test size: 6023666
[2023-05-08 14:07:32,980][root][INFO] - Station count: 4818
[2023-05-08 14:07:32,980][root][INFO] - Station count: 4818
[2023-05-08 14:07:32,981][root][INFO] - Train rectangle: (array(-25.23351), array(57.75657), array(22.5), array(157.5))
[2023-05-08 14:07:32,982][root][INFO] - Test rectangle: (array(-25.23351), array(57.75657), array(22.5), array(157.5))
[2023-05-08 14:07:32,982][root][INFO] - Target min: 0.0, target max: 68.93496
[2023-05-08 14:07:32,982][root][INFO] - Target mean: 15.066310086852543, target std: 6.177402823892324
[2023-05-08 14:07:33,064][root][INFO] - Time to start train 65.938741612 seconds
[2023-05-08 14:07:33,109][torch.distributed.distributed_c10d][INFO] - Added key: store_based_barrier_key:1 to store for rank: 1
[2023-05-08 14:07:33,119][torch.distributed.distributed_c10d][INFO] - Rank 1: Completed store-based barrier for key:store_based_barrier_key:1 with 2 nodes.
[2023-05-08 14:08:08,345][torch.nn.parallel.distributed][INFO] - Reducer buckets have been rebuilt in this iteration.
[2023-05-08 15:24:03,751][root][INFO] - Numpy block preparation took 14.646549364000002 seconds
[2023-05-08 15:24:29,774][root][INFO] - Train size: 8729439, test size: 6023666
[2023-05-08 15:24:29,774][root][INFO] - Station count: 4818
[2023-05-08 15:24:29,774][root][INFO] - Station count: 4818
[2023-05-08 15:24:29,775][root][INFO] - Train rectangle: (array(-25.23351), array(57.75657), array(22.5), array(157.5))
[2023-05-08 15:24:29,775][root][INFO] - Test rectangle: (array(-25.23351), array(57.75657), array(22.5), array(157.5))
[2023-05-08 15:24:29,775][root][INFO] - Target min: 0.0, target max: 68.93496
[2023-05-08 15:24:29,776][root][INFO] - Target mean: 15.066310086852543, target std: 6.177402823892324
[2023-05-08 15:24:29,861][root][INFO] - Time to start train 66.323958608 seconds
[2023-05-08 15:24:29,905][torch.distributed.distributed_c10d][INFO] - Added key: store_based_barrier_key:1 to store for rank: 1
[2023-05-08 15:24:29,916][torch.distributed.distributed_c10d][INFO] - Rank 1: Completed store-based barrier for key:store_based_barrier_key:1 with 2 nodes.
[2023-05-08 15:25:05,732][torch.nn.parallel.distributed][INFO] - Reducer buckets have been rebuilt in this iteration.
